src/__tests__/integration/admin-booking.test.ts(47,11): error TS1005: ',' expected.
src/__tests__/integration/admin-booking.test.ts(48,7): error TS1135: Argument expression expected.
src/__tests__/integration/admin-booking.test.ts(48,8): error TS1005: ',' expected.
src/__tests__/integration/admin-booking.test.ts(48,9): error TS1005: ';' expected.
src/__tests__/integration/admin-booking.test.ts(49,5): error TS1109: Expression expected.
src/__tests__/integration/admin-booking.test.ts(59,3): error TS1128: Declaration or statement expected.
src/__tests__/integration/admin-booking.test.ts(59,4): error TS1128: Declaration or statement expected.
src/__tests__/integration/admin-booking.test.ts(82,11): error TS1005: ',' expected.
src/__tests__/integration/admin-booking.test.ts(83,7): error TS1135: Argument expression expected.
src/__tests__/integration/admin-booking.test.ts(83,8): error TS1005: ',' expected.
src/__tests__/integration/admin-booking.test.ts(83,9): error TS1005: ';' expected.
src/__tests__/integration/admin-booking.test.ts(83,10): error TS1128: Declaration or statement expected.
src/__tests__/integration/admin-booking.test.ts(84,5): error TS1128: Declaration or statement expected.
src/__tests__/integration/admin-booking.test.ts(93,3): error TS1128: Declaration or statement expected.
src/__tests__/integration/admin-booking.test.ts(93,4): error TS1128: Declaration or statement expected.
src/__tests__/integration/admin-booking.test.ts(94,1): error TS1128: Declaration or statement expected.
src/__tests__/integration/admin-booking.test.ts(94,2): error TS1128: Declaration or statement expected.
src/__tests__/integration/auth-profile.test.ts(24,26): error TS1005: '>' expected.
src/__tests__/integration/auth-profile.test.ts(24,32): error TS1005: ')' expected.
src/__tests__/integration/auth-profile.test.ts(26,6): error TS1161: Unterminated regular expression literal.
src/__tests__/integration/auth-profile.test.ts(27,3): error TS1128: Declaration or statement expected.
src/__tests__/integration/auth-profile.test.ts(28,1): error TS1128: Declaration or statement expected.
src/modules/auth/hooks/useAuth.test.ts(25,26): error TS1005: '>' expected.
src/modules/auth/hooks/useAuth.test.ts(25,32): error TS1005: ')' expected.
src/modules/auth/hooks/useAuth.test.ts(27,6): error TS1161: Unterminated regular expression literal.
src/modules/auth/hooks/useAuth.test.ts(28,3): error TS1128: Declaration or statement expected.
src/modules/auth/hooks/useAuth.test.ts(29,1): error TS1128: Declaration or statement expected.
